// Jest Snapshot v1, https://goo.gl/fbAQLP

exports[`PrivateRoute Debe mostrarse el componente si est√° auntenticado y guardar en localstorage 1`] = `
<h1>
  Private
</h1>
`;
