// Jest Snapshot v1, https://goo.gl/fbAQLP

exports[`TEST HookApp Debe renderizarse 1`] = `
<Fragment>
  <h1>
    Hola
  </h1>
</Fragment>
`;
