// Jest Snapshot v1, https://goo.gl/fbAQLP

exports[`Pruebas de <PrimeraApp /> debe mostrar el saludo correctamente con enzyme 1`] = `
<Fragment>
  <h1>
    Hola!
  </h1>
  <p>
    Esto es el subSaludo
  </p>
</Fragment>
`;
