// Jest Snapshot v1, https://goo.gl/fbAQLP

exports[`TodoListItem Debe mostrar el componente 1`] = `
<Fragment>
  <li
    className="list-group-item"
    key="1"
  >
    <p
      className=""
      onClick={[Function]}
    >
      1
      . 
      initial
    </p>
    <button
      className="btn btn-danger"
      onClick={[Function]}
    >
      Borrar
    </button>
  </li>
</Fragment>
`;
